// Jest Snapshot v1, https://goo.gl/fbAQLP

exports[`CustomCard Tests should match the snapshot 1`] = `
<div
  className="container"
>
  <Card
    className="card"
    footer={null}
    header={
      <span>
        This is a test
      </span>
    }
    id={null}
    style={null}
    subtitle={null}
    title={null}
  >
    <div>
      Test
    </div>
  </Card>
</div>
`;
