// Jest Snapshot v1, https://goo.gl/fbAQLP

exports[`CustomPanel Tests should match the snapshot 1`] = `
<div
  className="container"
>
  <div
    className="card"
  >
    <Panel
      className={null}
      collapsed={true}
      header={
        <span
          className="header"
        >
          This is a test
        </span>
      }
      id={null}
      onCollapse={[Function]}
      onExpand={null}
      style={null}
      toggleable={true}
    >
      <div>
        Test
      </div>
    </Panel>
  </div>
</div>
`;
