// Jest Snapshot v1, https://goo.gl/fbAQLP

exports[`SliderValue Tests should match the snapshot 1`] = `
<div
  className="row"
>
  <div
    className="col-12"
  >
    <span>
      This is a test
    </span>
    <div
      className="row"
    >
      <div
        className="col-12 col-md-6"
      >
        <Slider
          animate={false}
          className=" mt-2"
          id={null}
          max={20}
          min={10}
          onChange={[Function]}
          orientation="horizontal"
          range={false}
          step={null}
          style={null}
          value={12}
        />
      </div>
      <div
        className="pb-2 col-12 col-md-3"
      >
        <Spinner
          className={null}
          decimalSeparator="."
          disabled={false}
          id="value"
          max={20}
          maxlength={null}
          min={10}
          onChange={[Function]}
          readonly={false}
          size={null}
          step={1}
          style={null}
          thousandSeparator=","
          value={12}
        />
         
        <span>
          m
        </span>
      </div>
    </div>
  </div>
</div>
`;
