// Jest Snapshot v1, https://goo.gl/fbAQLP

exports[`SubmitButtons Tests should match the snapshot 1`] = `
<div
  className="col-10 offset-1 offset-md-0 py-3"
>
  <button
    className="btn btn-lg mb-2 mb-sm-0"
    id="cancelButton"
    onClick={[Function]}
    type="button"
  >
    cancel.en
  </button>
   
  <button
    className="btn btn-lg mb-2 mb-sm-0"
    id="saveButton"
    onClick={[Function]}
    type="button"
  >
    save.en
  </button>
</div>
`;
