// Jest Snapshot v1, https://goo.gl/fbAQLP

exports[`RecPanel Tests should match the snapshot 1`] = `
<div
  className="col-12 col-sm-6 col-md-4"
  style={
    Object {
      "card": Object {
        "height": "100%",
      },
      "padding": "0px",
    }
  }
>
  <CustomCard
    element={
      <span>
        10
      </span>
    }
    header={
      <div
        className="ui-card-title"
      >
        This is a test
      </div>
    }
    style={
      Object {
        "height": "100%",
      }
    }
  />
  <Tooltip
    appendTo="body"
    escape={true}
    for="#recPanelundefined"
    hideDelay={null}
    onBeforeShow={null}
    positionStyle={null}
    showDelay={null}
    title={null}
    tooltipDisabled={false}
    tooltipEvent="hover"
    tooltipPosition="right"
    tooltipStyleClass={null}
  />
</div>
`;
