// Jest Snapshot v1, https://goo.gl/fbAQLP

exports[`TiltSlidersCard Tests should match the snapshot 1`] = `
<CustomCard
  className="col-md-6"
  element={
    <div
      className="row"
    >
      <div
        className="col-9"
      >
        <Connect(TiltSliders)
          maxAngle={45}
          tiltAngle={20}
          tiltFrequecy={40}
          tiltLength={30}
        />
      </div>
      <div
        className="col-3 justify-content-center align-self-center"
      >
        <img
          alt="chair"
          height="50"
          src={
            Object {
              "default": "",
            }
          }
          style={
            Object {
              "transform": "rotate(-20deg)",
            }
          }
          width="50"
        />
      </div>
      <Tooltip
        appendTo="body"
        escape={true}
        for="#tiltSliderCardundefined"
        hideDelay={null}
        onBeforeShow={null}
        positionStyle={null}
        showDelay={null}
        title={null}
        tooltipDisabled={false}
        tooltipEvent="hover"
        tooltipPosition="right"
        tooltipStyleClass={null}
      />
    </div>
  }
  header={
    <div
      className="ui-card-title"
    >
      This is a title
      <i
        className="fa fa-check"
        onClick={[Function]}
        style={
          Object {
            "cursor": "pointer",
          }
        }
      />
    </div>
  }
/>
`;
