// Jest Snapshot v1, https://goo.gl/fbAQLP

exports[`TiltLabels Tests should match the snapshot 1`] = `
<CustomCard
  className="col-12"
  element={
    <div
      className="row"
    >
      <div
        className=" col-12 col-md-4 ml-md-4"
      >
        <div
          className="row"
        >
          <span
            className="ml-3"
            style={
              Object {
                "fontWeight": "bold",
              }
            }
          >
            goals.tiltFrequency.en :
          </span>
          <span
            className="ml-3"
            style={
              Object {
                "fontWeight": "bold",
              }
            }
          >
            60
             
            time.min.en
          </span>
        </div>
        <div
          className="row"
        >
          <span
            className="ml-3"
            style={
              Object {
                "fontWeight": "bold",
              }
            }
          >
            goals.tiltLength.en :
          </span>
          <span
            className="ml-3"
            style={
              Object {
                "fontWeight": "bold",
              }
            }
          >
            30
             
            time.min.en
          </span>
        </div>
        <div
          className="row"
        >
          <span
            className="ml-3"
            style={
              Object {
                "fontWeight": "bold",
              }
            }
          >
            goals.tiltAngle.en :
          </span>
          <span
            className="ml-3"
            style={
              Object {
                "fontWeight": "bold",
              }
            }
          >
            15
              °
          </span>
        </div>
      </div>
      <div
        className="col-2 offset-1"
      >
        <img
          alt="chair"
          height="50"
          src={
            Object {
              "default": "",
            }
          }
          style={
            Object {
              "transform": "rotate(-15deg)",
            }
          }
          width="50"
        />
      </div>
      <Tooltip
        appendTo="body"
        escape={true}
        for="#tiltLabelundefined"
        hideDelay={null}
        onBeforeShow={null}
        positionStyle={null}
        showDelay={null}
        title={null}
        tooltipDisabled={false}
        tooltipEvent="hover"
        tooltipPosition="right"
        tooltipStyleClass={null}
      />
    </div>
  }
  header={
    <div
      className="ui-card-title"
    >
      This is a title
      <i
        className="fa fa-pencil"
        onClick={[Function]}
        style={
          Object {
            "cursor": "pointer",
          }
        }
      />
    </div>
  }
/>
`;
