// Jest Snapshot v1, https://goo.gl/fbAQLP

exports[`Header Tests should match the snapshot 1`] = `
<div
  className="top headerNav"
>
  <nav
    className="navbar navbar-expand-lg"
  >
    <Link
      className="navbar-brand title"
      replace={false}
      to="/home"
    >
      MOvIT+
    </Link>
    <button
      aria-controls="navbarContent"
      aria-expanded="false"
      aria-label="Toggle navigation"
      className="navbar-toggler custom-toggler"
      data-target="#navbarContent"
      data-toggle="collapse"
      type="button"
    >
      <span
        className="navbar-toggler-icon"
      />
    </button>
    <div
      className="collapse navbar-collapse"
      id="navbarContent"
    >
      <ul
        className="nav navbar-nav mr-auto"
      >
        <li
          className="nav-item px-3 mt-1"
          data-target=".navbar-collapse.show"
          data-toggle="collapse"
        >
          <Link
            className="navLink"
            replace={false}
            to="/goals"
          >
            goals.FR
          </Link>
        </li>
        <li
          className="nav-item px-3 mt-1"
          data-target=".navbar-collapse.show"
          data-toggle="collapse"
        >
          <Link
            className="navLink"
            replace={false}
            to="/results"
          >
            graphics.FR
          </Link>
        </li>
      </ul>
      <li
        className="nav navbar-nav pl-1"
      >
        <a
          className="small-font navLink"
          onClick={[Function]}
        >
          EN
        </a>
      </li>
      <span>
        <li
          className="nav navbar-nav pl-1"
          data-target=".navbar-collapse.show"
          data-toggle="collapse"
        >
          <Link
            className="navLink px-2"
            replace={false}
            to="/settings"
          >
            <i
              className="fa fa-cog"
            />
          </Link>
        </li>
        <li
          className="nav navbar-nav pl-1"
        >
          <Link
            className="navLink"
            onClick={[Function]}
            replace={false}
            to="/home"
          >
            welcome.logout.FR
            <i
              className="fa fa-sign-out pl-2"
            />
          </Link>
        </li>
      </span>
    </div>
  </nav>
</div>
`;
