// Jest Snapshot v1, https://goo.gl/fbAQLP

exports[`Recommendation Tests should match the snapshot 1`] = `
<div
  className="mt-5"
>
  <div
    className="container"
  >
    <center>
      <h2>
        recommendations.FR
      </h2>
    </center>
    <legend
      className="text-center header"
    >
      <h4>
        recommendations.recommendationsText.FR
      </h4>
    </legend>
    <div>
      <div
        className="pt-2 pl-3 mt-1"
      >
        <Checkbox
          checked={true}
          className={null}
          disabled={false}
          id={null}
          inputId="reduceWeightCheck"
          label="Reduce weight"
          name={null}
          onChange={[Function]}
          onContextMenu={null}
          onMouseDown={null}
          readOnly={false}
          style={null}
          value={null}
        />
        <label
          htmlFor="reduceWeightCheck"
          id="test"
        >
          recommendations.reduceWeight.FR
        </label>
        <i
          className="fa fa-info-circle pl-2"
          id="reduceWeightInfo"
        />
        <Tooltip
          appendTo="body"
          escape={true}
          for="#reduceWeightInfo"
          hideDelay={null}
          onBeforeShow={null}
          positionStyle={null}
          showDelay={null}
          title="recommendations.reduceWeight.tooltip.FR"
          tooltipDisabled={false}
          tooltipEvent="hover"
          tooltipPosition="right"
          tooltipStyleClass={null}
        />
        <Connect(TiltSliders)
          maxAngle={60}
          onAngleChange={[Function]}
          onFrequencyChange={[Function]}
          onLengthChange={[Function]}
          tiltAngle={20}
          tiltFrequency={10}
          tiltLength={12}
        />
      </div>
      <Connect(AngleRecommendation)
        id="slidingMoving"
        maxAngle={60}
        onChangeActive={[Function]}
        onChangeValue={[Function]}
        recActive={true}
        title="recommendations.slidingMoving.FR"
        tooltip="recommendations.slidingMoving.tooltip.FR"
        value={0}
      />
      <Connect(AngleRecommendation)
        id="slidingRest"
        maxAngle={60}
        onChangeActive={[Function]}
        onChangeValue={[Function]}
        recActive={true}
        title="recommendations.slidingRest.FR"
        tooltip="recommendations.slidingRest.tooltip.FR"
        value={0}
      />
      <Connect(TextRecommendation)
        id="reduceSwelling"
        onChangeActive={[Function]}
        onChangeValue={[Function]}
        recActive={true}
        title="recommendations.reduceSwelling.FR"
        tooltip="recommendations.reduceSwelling.tooltip.FR"
        value=""
      />
      <Connect(TextRecommendation)
        id="reducePain"
        onChangeActive={[Function]}
        onChangeValue={[Function]}
        recActive={true}
        title="recommendations.reducePain.FR"
        tooltip="recommendations.reducePain.tooltip.FR"
        value=""
      />
      <Connect(TextRecommendation)
        id="allowRest"
        onChangeActive={[Function]}
        onChangeValue={[Function]}
        recActive={true}
        title="recommendations.rest.FR"
        tooltip="recommendations.rest.tooltip.FR"
      />
      <Connect(TextRecommendation)
        id="easeTransfer"
        onChangeActive={[Function]}
        onChangeValue={[Function]}
        title="recommendations.transfer.FR"
        tooltip="recommendations.transfer.tooltip.FR"
        value=""
      />
      <Connect(TextRecommendation)
        id="improveComfort"
        onChangeActive={[Function]}
        onChangeValue={[Function]}
        recActive={true}
        title="recommendations.comfort.FR"
        tooltip="recommendations.comfort.tooltip.FR"
        value=""
      />
      <Connect(OtherRecommendation)
        id="other"
        onChangeActive={[Function]}
        onChangeRecTitle={[Function]}
        onChangeValue={[Function]}
        recActive={true}
        recTitle=""
        title="recommendations.other.FR"
        tooltip="recommendations.other.tooltip.FR"
        value=""
      />
      <Connect(SumbitButtons)
        onCancel={[Function]}
        onSave={[Function]}
      />
    </div>
  </div>
</div>
`;
