// Jest Snapshot v1, https://goo.gl/fbAQLP

exports[`Settings Tests should match the snapshot 1`] = `
<div
  className="mt-3"
>
  <h2
    className="header text-center"
  >
    settings.en
  </h2>
  <div
    className="row"
  >
    <div
      className="col-12 col-md-8 offset-md-2"
    >
      <Connect(Notification) />
      <CustomCard
        element={<Connect(ModuleStatus) />}
        header={
          <span
            className="ui-card-title"
          >
            settings.modules.en
          </span>
        }
      />
      <CustomCard
        element={<Connect(NotificationSettings) />}
        header={
          <span
            className="ui-card-title"
          >
            settings.notification.en
          </span>
        }
      />
      <CustomCard
        element={<Connect(Permissions) />}
        header={
          <span
            className="ui-card-title"
          >
            settings.permissions.en
          </span>
        }
      />
      <CustomCard
        element={
          <div>
            <h6>
              settings.system.memory.en
            </h6>
            <Connect(MemoryUsage) />
            <br />
            <h6>
              settings.system.update.en
            </h6>
            <Connect(UpdatesManager) />
          </div>
        }
        header={
          <span
            className="ui-card-title"
          >
            settings.system.en
          </span>
        }
      />
    </div>
  </div>
</div>
`;
