// Jest Snapshot v1, https://goo.gl/fbAQLP

exports[`Settings Tests should match the snapshot 1`] = `
<div
  className="container"
>
  <div
    className="row mt-4"
  >
    <div
      className="col-12"
    >
      <h2
        className="header text-center"
      >
        settings.en
      </h2>
      <Connect(Notification) />
      <Connect(NotificationSettings) />
      <Connect(Permissions) />
      <div
        className="container"
      >
        <div
          className="card"
        >
          <Card
            className={null}
            footer={null}
            header={
              <div
                className="ui-card-title header"
              >
                settings.system.en
              </div>
            }
            id={null}
            style={null}
            subtitle={null}
            title={null}
          >
            <h6>
              settings.system.memory.en
            </h6>
            <Connect(MemoryUsage) />
            <br />
            <h6>
              settings.system.update.en
            </h6>
            <Connect(UpdatesManager) />
          </Card>
        </div>
      </div>
    </div>
  </div>
</div>
`;
