// Jest Snapshot v1, https://goo.gl/fbAQLP

exports[`DbActions Tests should match the snapshot 1`] = `
<div
  className=""
>
  <CustomCard
    element={
      <div
        className="row"
      >
        <div
          className="ml-3 mb-2"
        >
          <Button
            className="btn btn-lg"
            cornerStyleClass="ui-corner-all"
            icon={null}
            iconPos="left"
            id="simulate-data-button"
            label="settings.database.simulate.en"
            onClick={[Function]}
            type="button"
          />
        </div>
        <div
          className="ml-3 mb-2"
        >
          <Button
            className="btn btn-lg"
            cornerStyleClass="ui-corner-all"
            icon={null}
            iconPos="left"
            id="reset-data-button"
            label="settings.database.reset.en"
            onClick={[Function]}
            type="button"
          />
        </div>
      </div>
    }
    header={
      <div
        className="ui-card-title"
      >
        <h2>
          database.en
        </h2>
      </div>
    }
  />
  <Connect(ConfirmationPopup)
    body="settings.database.warning.message.en"
    onClose={[Function]}
    onConfirm={[Function]}
    show={false}
    title="settings.database.warning.title.en"
  />
  <Connect(ConfirmationPopup)
    body="settings.database.warning.message.en"
    onClose={[Function]}
    onConfirm={[Function]}
    show={false}
    title="settings.database.warning.title.en"
  />
</div>
`;
