// Jest Snapshot v1, https://goo.gl/fbAQLP

exports[`MemoryUsage Tests should match the snapshot 1`] = `
<div>
  <ProgressBar
    className={null}
    id={null}
    mode="determinate"
    showValue={true}
    style={
      Object {
        "maxWidth": "400px",
      }
    }
    unit="%"
    value={NaN}
  />
</div>
`;
