// Jest Snapshot v1, https://goo.gl/fbAQLP

exports[`Notification Tests should match the snapshot 1`] = `
<div
  className="row ml-2 mt-5"
>
  <div
    className="mr-3 mb-2"
  >
    <button
      className="btn btn-lg"
      id="calibrate-button"
      onClick={[Function]}
      type="button"
    >
      calibrateMat.en
    </button>
  </div>
  <div
    className="mr-3 mb-2"
  >
    <button
      className="btn btn-lg"
      id="calibrateIMU-button"
      onClick={[Function]}
      type="button"
    >
      calibrateIMU.en
    </button>
  </div>
  <div
    className="mr-3 mb-2"
  >
    <button
      className="btn btn-lg"
      id="turn-on-button"
      onClick={[Function]}
      type="button"
    >
      alert.on.en
    </button>
  </div>
  <div
    className="mr-3 mb-2"
  >
    <button
      className="btn btn-lg"
      id="turn-off-button"
      onClick={[Function]}
      type="button"
    >
      alert.off.en
    </button>
  </div>
  <Countdown
    onComplete={[Function]}
    time={120}
    title="calibrating.en"
  />
  <Connect(ConfirmationPopup)
    body="calibrateIMU.confirmation.en"
    onClose={[Function]}
    onConfirm={[Function]}
    title="calibrateIMU.title.en"
  />
</div>
`;
