// Jest Snapshot v1, https://goo.gl/fbAQLP

exports[`Notification Tests should match the snapshot 1`] = `
<div
  className="row ml-2 mt-5"
>
  <div
    className="mb-2 mr-3"
  >
    <Button
      className="p-button-secondary"
      cornerStyleClass="ui-corner-all"
      icon={null}
      iconPos="left"
      id="calibrate-button"
      label="calibrate.en"
      onClick={[Function]}
      type="button"
    />
    <div
      className="mr-3 mb-2"
    >
      <Button
        className="btn btn-lg"
        cornerStyleClass="ui-corner-all"
        icon={null}
        iconPos="left"
        id="calibrateIMU-button"
        label="calibrateIMU.en"
        onClick={[Function]}
        type="button"
      />
    </div>
    <div
      className="mr-3 mb-2"
    >
      <Button
        className="p-button-secondary"
        cornerStyleClass="ui-corner-all"
        icon={null}
        iconPos="left"
        id="turn-on-button"
        label="alert.on.en"
        onClick={[Function]}
        type="button"
      />
    </div>
    <div
      className="mr-3 mb-2"
    >
      <Button
        className="p-button-secondary"
        cornerStyleClass="ui-corner-all"
        icon={null}
        iconPos="left"
        id="turn-off-button"
        label="alert.off.en"
        onClick={[Function]}
        type="button"
      />
    </div>
    <Countdown
      onComplete={[Function]}
      time={120}
      title="calibrating.en"
    />
    <Connect(ConfirmationPopup)
      body="calibrateIMU.confirmation.en"
      onClose={[Function]}
      onConfirm={[Function]}
      title="calibrateIMU.title.en"
    />
  </div>
</div>
`;
