// Jest Snapshot v1, https://goo.gl/fbAQLP

exports[`NotificationTests Tests should match the snapshot 1`] = `
<div>
  <div>
    <Checkbox
      checked={true}
      className={null}
      disabled={false}
      id="enableLedBlinking"
      inputId={null}
      name={null}
      onChange={[Function]}
      onContextMenu={null}
      onMouseDown={null}
      readOnly={false}
      style={null}
      value={null}
    />
    <label
      htmlFor="enableLedBlinking"
    >
      settings.notification.enableLedBlinking.en
    </label>
  </div>
  <div>
    <Checkbox
      checked={true}
      className={null}
      disabled={false}
      id="enableVibration"
      inputId={null}
      name={null}
      onChange={[Function]}
      onContextMenu={null}
      onMouseDown={null}
      readOnly={false}
      style={null}
      value={null}
    />
    <label
      htmlFor="enableVibration"
    >
      settings.notification.enableVibration.en
    </label>
  </div>
  <div>
    <span>
      <i
        className="fa fa-info-circle"
        id="snoozeTimeToolTip"
      />
       
      settings.notification.snoozeTime.en
      :  
    </span>
    <Tooltip
      appendTo="body"
      escape={true}
      for="#snoozeTimeToolTip"
      hideDelay={null}
      onBeforeShow={null}
      positionStyle={null}
      showDelay={null}
      title="settings.notification.snoozeTimeToolTip.en"
      tooltipDisabled={false}
      tooltipEvent="hover"
      tooltipPosition="right"
      tooltipStyleClass={null}
    />
    <Spinner
      className={null}
      decimalSeparator="."
      disabled={false}
      id="value"
      max={60}
      maxlength={2}
      min={0}
      onBlur={[Function]}
      onChange={[Function]}
      readonly={false}
      size="3"
      step={1}
      style={null}
      thousandSeparator=","
      type="number"
      value={null}
    />
    <span>
        
      time.minutes.en
    </span>
  </div>
</div>
`;
