// Jest Snapshot v1, https://goo.gl/fbAQLP

exports[`Notification Tests should match the snapshot 1`] = `
<div
  className="mt-5"
>
  <CustomCard
    element={
      <div>
        <div
          className="row mb-3"
        >
          <div
            className="col-12 col-sm-6 col-md-4 mb-2"
          >
            <Button
              className="p-button-secondary"
              cornerStyleClass="ui-corner-all"
              icon={null}
              iconPos="left"
              id="calibrate-button"
              label="calibrateMat.en"
              onClick={[Function]}
              type="button"
            />
          </div>
          <div
            className="col-12 col-sm-6 col-md-4 mb-2"
          >
            <Button
              className="p-button-secondary"
              cornerStyleClass="ui-corner-all"
              icon={null}
              iconPos="left"
              id="calibrateIMU-button"
              label="calibrateIMU.en"
              onClick={[Function]}
              type="button"
            />
          </div>
        </div>
        <div
          className="row"
        >
          <div
            className="col-12 col-sm-6 col-md-4 mb-2"
          >
            <Button
              className="p-button-secondary"
              cornerStyleClass="ui-corner-all"
              icon={null}
              iconPos="left"
              id="turn-on-button"
              label="alert.on.en"
              onClick={[Function]}
              type="button"
            />
          </div>
          <div
            className="col-12 col-sm-6 col-md-4 mb-2"
          >
            <Button
              className="p-button-secondary"
              cornerStyleClass="ui-corner-all"
              icon={null}
              iconPos="left"
              id="turn-off-button"
              label="alert.off.en"
              onClick={[Function]}
              type="button"
            />
          </div>
        </div>
      </div>
    }
    header={
      <div
        className="ui-card-title"
      >
        calibNotif.en
      </div>
    }
  />
  <Countdown
    onComplete={[Function]}
    time={120}
    title="calibrating.en"
  />
  <Connect(ConfirmationPopup)
    body="calibrateIMU.confirmation.en"
    onClose={[Function]}
    onConfirm={[Function]}
    title="calibrateIMU.title.en"
  />
</div>
`;
