// Jest Snapshot v1, https://goo.gl/fbAQLP

exports[`PreventPermission Tests should match snapshot 1`] = `
<div
  className="row"
>
  <div
    className="col-10 d-flex"
  >
    <Checkbox
      checked={false}
      className={null}
      disabled={false}
      id="agreement"
      inputId={null}
      name={null}
      onChange={[Function]}
      onContextMenu={null}
      onMouseDown={null}
      readOnly={false}
      style={null}
      value={null}
    />
    <label
      htmlFor="agreement"
    >
      test
    </label>
  </div>
</div>
`;
